<testsuites id="" name="" tests="3" failures="0" skipped="3" errors="0" time="5.5790679999999995">
<testsuite name="e2e/user-flows/test-suggestion-acceptance.spec.ts" timestamp="2025-07-29T14:23:33.458Z" hostname="chromium" tests="3" failures="0" skipped="3" time="4.466" errors="0">
<testcase name="CV Suggestions - Accept/Apply Functionality › should accept suggestion and update CV data permanently" classname="e2e/user-flows/test-suggestion-acceptance.spec.ts" time="2.362">
<properties>
<property name="skip" value="No existing CV analysis found - cannot test suggestion acceptance">
</property>
</properties>
<skipped>
</skipped>
</testcase>
<testcase name="CV Suggestions - Accept/Apply Functionality › should handle suggestion acceptance errors gracefully" classname="e2e/user-flows/test-suggestion-acceptance.spec.ts" time="1.044">
<properties>
<property name="skip" value="No existing CV analysis found">
</property>
</properties>
<skipped>
</skipped>
</testcase>
<testcase name="CV Suggestions - Accept/Apply Functionality › should maintain suggestion state after page refresh" classname="e2e/user-flows/test-suggestion-acceptance.spec.ts" time="1.06">
<properties>
<property name="skip" value="No existing CV analysis found">
</property>
</properties>
<skipped>
</skipped>
</testcase>
</testsuite>
</testsuites>